[thevectorlab.net/metrolab/index.html]
[backblue.gif]
[fade.gif]
[index.html]
[thevectorlab.net/metrolab/assets/bootstrap/css/bootstrap.min.css]
[thevectorlab.net/metrolab/assets/bootstrap/css/bootstrap-responsive.min.css]
[thevectorlab.net/metrolab/assets/bootstrap/css/bootstrap-fileupload.css]
[thevectorlab.net/metrolab/assets/font-awesome/css/font-awesome.css]
[thevectorlab.net/metrolab/css/style.css]
[thevectorlab.net/metrolab/css/style-default.css]
[thevectorlab.net/metrolab/css/style-responsive.css]
[thevectorlab.net/metrolab/assets/fullcalendar/fullcalendar/bootstrap-fullcalendar.css]
[thevectorlab.net/metrolab/index-2.html]
[thevectorlab.net/metrolab/img/logo.png]
[thevectorlab.net/metrolab/img/avatar-mini.png]
[thevectorlab.net/metrolab/img/avatar1_small.jpg]
[thevectorlab.net/metrolab/login.html]
[thevectorlab.net/metrolab/general.html]
[thevectorlab.net/metrolab/button.html]
[thevectorlab.net/metrolab/slider.html]
[thevectorlab.net/metrolab/metro_view.html]
[thevectorlab.net/metrolab/tabs_accordion.html]
[thevectorlab.net/metrolab/typography.html]
[thevectorlab.net/metrolab/tree_view.html]
[thevectorlab.net/metrolab/nestable.html]
[thevectorlab.net/metrolab/calendar.html]
[thevectorlab.net/metrolab/grids.html]
[thevectorlab.net/metrolab/chartjs.html]
[thevectorlab.net/metrolab/flot_chart.html]
[thevectorlab.net/metrolab/gallery.html]
[thevectorlab.net/metrolab/form_layout.html]
[thevectorlab.net/metrolab/form_component.html]
[thevectorlab.net/metrolab/form_wizard.html]
[thevectorlab.net/metrolab/form_validation.html]
[thevectorlab.net/metrolab/dropzone.html]
[thevectorlab.net/metrolab/basic_table.html]
[thevectorlab.net/metrolab/dynamic_table.html]
[thevectorlab.net/metrolab/editable_table.html]
[thevectorlab.net/metrolab/font_awesome.html]
[thevectorlab.net/metrolab/glyphicons.html]
[thevectorlab.net/metrolab/general_portlet.html]
[thevectorlab.net/metrolab/draggable_portlet.html]
[thevectorlab.net/metrolab/vector_map.html]
[thevectorlab.net/metrolab/google_map.html]
[thevectorlab.net/metrolab/blank.html]
[thevectorlab.net/metrolab/blog.html]
[thevectorlab.net/metrolab/timeline.html]
[thevectorlab.net/metrolab/profile.html]
[thevectorlab.net/metrolab/about_us.html]
[thevectorlab.net/metrolab/contact_us.html]
[thevectorlab.net/metrolab/lock.html]
[thevectorlab.net/metrolab/invoice.html]
[thevectorlab.net/metrolab/pricing_tables.html]
[thevectorlab.net/metrolab/search_result.html]
[thevectorlab.net/metrolab/faq.html]
[thevectorlab.net/metrolab/404.html]
[thevectorlab.net/metrolab/500.html]
[thevectorlab.net/metrolab/img/avatar1.jpg]
[thevectorlab.net/metrolab/img/avatar2.jpg]
[thevectorlab.net/metrolab/js/jquery-1.8.3.min.js]
[thevectorlab.net/metrolab/js/jquery.nicescroll.js]
[thevectorlab.net/metrolab/assets/jquery-slimscroll/jquery.slimscroll.min.js]
[thevectorlab.net/metrolab/assets/jquery-slimscroll/jquery-ui-1.9.2.custom.min.js]
[thevectorlab.net/metrolab/assets/fullcalendar/fullcalendar/fullcalendar.min.js]
[thevectorlab.net/metrolab/assets/bootstrap/js/bootstrap.min.js]
[thevectorlab.net/metrolab/assets/jquery-easy-pie-chart/jquery.easy-pie-chart.js]
[thevectorlab.net/metrolab/js/jquery.sparkline.js]
[thevectorlab.net/metrolab/assets/chart-master/Chart.js]
[thevectorlab.net/metrolab/js/jquery.scrollTo.min.js]
[thevectorlab.net/metrolab/js/common-scripts.js]
[thevectorlab.net/metrolab/js/easy-pie-chart.js]
[thevectorlab.net/metrolab/js/sparkline-chart.js]
[thevectorlab.net/metrolab/js/home-page-calender.js]
[thevectorlab.net/metrolab/index.html]
[thevectorlab.net/metrolab/index-2.html]
[thevectorlab.net/metrolab/login.html]
[thevectorlab.net/metrolab/js/home-chartjs.js]
[thevectorlab.net/metrolab/assets/gritter/css/jquery.gritter.css]
[thevectorlab.net/metrolab/assets/gritter/js/jquery.gritter.js]
[thevectorlab.net/metrolab/js/jquery.pulsate.min.js]
[thevectorlab.net/metrolab/assets/jquery-ui/jquery-ui-1.10.1.custom.min.js]
[thevectorlab.net/metrolab/js/gritter.js]
[thevectorlab.net/metrolab/general.html]
[thevectorlab.net/metrolab/button.html]
[thevectorlab.net/metrolab/js/pulstate.js]
[thevectorlab.net/metrolab/assets/jquery-ui/jquery-ui-1.10.1.custom.min.css]
[thevectorlab.net/metrolab/slider.html]
[thevectorlab.net/metrolab/metro_view.html]
[thevectorlab.net/metrolab/tabs_accordion.html]
[thevectorlab.net/metrolab/typography.html]
[thevectorlab.net/metrolab/js/sliders.js]
[thevectorlab.net/metrolab/assets/bootstrap-tree/bootstrap-tree/css/bootstrap-tree.css]
[thevectorlab.net/metrolab/assets/bootstrap-tree/xmlexample.xml]
[thevectorlab.net/metrolab/assets/bootstrap-tree/htmlexample.html]
[thevectorlab.net/metrolab/assets/bootstrap-tree/jsonexample.json]
[thevectorlab.net/metrolab/assets/bootstrap-tree/bootstrap-tree/js/bootstrap-tree.js]
[thevectorlab.net/metrolab/tree_view.html]
[thevectorlab.net/metrolab/js/tree.js]
[thevectorlab.net/metrolab/assets/nestable/jquery.nestable.css]
[thevectorlab.net/metrolab/assets/nestable/jquery.nestable.js]
[thevectorlab.net/metrolab/nestable.html]
[thevectorlab.net/metrolab/js/nestable.js]
[thevectorlab.net/metrolab/calendar.html]
[thevectorlab.net/metrolab/grids.html]
[thevectorlab.net/metrolab/js/external-dragging-calendar.js]
[thevectorlab.net/metrolab/chartjs.html]
[thevectorlab.net/metrolab/js/all-chartjs.js]
[thevectorlab.net/metrolab/assets/flot/jquery.flot.js]
[thevectorlab.net/metrolab/assets/flot/jquery.flot.resize.js]
[thevectorlab.net/metrolab/assets/flot/jquery.flot.pie.js]
[thevectorlab.net/metrolab/assets/flot/jquery.flot.stack.js]
[thevectorlab.net/metrolab/assets/flot/jquery.flot.crosshair.js]
[thevectorlab.net/metrolab/js/flot-chart.js]
[thevectorlab.net/metrolab/flot_chart.html]
[thevectorlab.net/metrolab/js/custom-flot-chart.js]
[thevectorlab.net/metrolab/assets/fancybox/source/jquery.fancybox.css]
[thevectorlab.net/metrolab/assets/metr-folio/css/metro-gallery.css]
[thevectorlab.net/metrolab/img/gallery/image1.jpg]
[thevectorlab.net/metrolab/img/gallery/image2.jpg]
[thevectorlab.net/metrolab/img/gallery/image3.jpg]
[thevectorlab.net/metrolab/img/gallery/image4.jpg]
[thevectorlab.net/metrolab/img/gallery/image5.jpg]
[thevectorlab.net/metrolab/img/gallery/image6.jpg]
[thevectorlab.net/metrolab/img/gallery/image7.jpg]
[thevectorlab.net/metrolab/img/gallery/image8.jpg]
[thevectorlab.net/metrolab/img/gallery/image9.jpg]
[thevectorlab.net/metrolab/img/gallery/image12.jpg]
[thevectorlab.net/metrolab/img/gallery/image11.jpg]
[thevectorlab.net/metrolab/img/gallery/image10.jpg]
[thevectorlab.net/metrolab/img/gallery/image14.jpg]
[thevectorlab.net/metrolab/img/gallery/image16.jpg]
[thevectorlab.net/metrolab/img/gallery/image13.jpg]
[thevectorlab.net/metrolab/img/gallery/image15.jpg]
[thevectorlab.net/metrolab/img/gallery/image18.jpg]
[thevectorlab.net/metrolab/img/gallery/image17.jpg]
[thevectorlab.net/metrolab/js/jquery.blockui.js]
[thevectorlab.net/metrolab/assets/fancybox/source/jquery.fancybox.pack.js]
[thevectorlab.net/metrolab/assets/metr-folio/js/jquery.metro-gal.plugins.min.js]
[thevectorlab.net/metrolab/gallery.html]
[thevectorlab.net/metrolab/assets/metr-folio/js/jquery.metro-gal.megafoliopro.js]
[thevectorlab.net/metrolab/assets/uniform/css/uniform.default.css]
[thevectorlab.net/metrolab/assets/chosen-bootstrap/chosen/chosen.jquery.min.js]
[thevectorlab.net/metrolab/assets/uniform/jquery.uniform.min.js]
[thevectorlab.net/metrolab/form_layout.html]
[thevectorlab.net/metrolab/assets/chosen-bootstrap/chosen/chosen.css]
[thevectorlab.net/metrolab/assets/jquery-tags-input/jquery.tagsinput.css]
[thevectorlab.net/metrolab/assets/clockface/css/clockface.css]
[thevectorlab.net/metrolab/assets/bootstrap-wysihtml5/bootstrap-wysihtml5.css]
[thevectorlab.net/metrolab/assets/bootstrap-datepicker/css/datepicker.css]
[thevectorlab.net/metrolab/assets/bootstrap-timepicker/compiled/timepicker.css]
[thevectorlab.net/metrolab/assets/bootstrap-colorpicker/css/colorpicker.css]
[thevectorlab.net/metrolab/assets/bootstrap-toggle-buttons/static/stylesheets/bootstrap-toggle-buttons.css]
[thevectorlab.net/metrolab/assets/bootstrap-daterangepicker/daterangepicker.css]
[code.jquery.com/ui/1.10.3/themes/smoothness/jquery-ui.css]
[www.placehold.it/200x150/EFEFEF/AAAAAA&text=no+image.gif]
[thevectorlab.net/metrolab/js/jquery-1.8.2.min.js]
[thevectorlab.net/metrolab/assets/bootstrap/js/bootstrap-fileupload.js]
[thevectorlab.net/metrolab/js/jQuery.dualListBox-1.3.js]
[thevectorlab.net/metrolab/assets/bootstrap-toggle-buttons/static/js/jquery.toggle.buttons.js]
[code.jquery.com/ui/1.10.3/jquery-ui.js]
[thevectorlab.net/metrolab/assets/bootstrap-wysihtml5/bootstrap-wysihtml5.js]
[thevectorlab.net/metrolab/assets/clockface/js/clockface.js]
[thevectorlab.net/metrolab/assets/jquery-tags-input/jquery.tagsinput.min.js]
[thevectorlab.net/metrolab/assets/bootstrap-datepicker/js/bootstrap-datepicker.js]
[thevectorlab.net/metrolab/assets/ckeditor/ckeditor.js]
[thevectorlab.net/metrolab/assets/bootstrap-daterangepicker/date.js]
[thevectorlab.net/metrolab/assets/bootstrap-daterangepicker/daterangepicker.js]
[thevectorlab.net/metrolab/assets/bootstrap-wysihtml5/wysihtml5-0.3.0.js]
[thevectorlab.net/metrolab/assets/bootstrap-colorpicker/js/bootstrap-colorpicker.js]
[thevectorlab.net/metrolab/assets/bootstrap-timepicker/js/bootstrap-timepicker.js]
[thevectorlab.net/metrolab/assets/bootstrap-inputmask/bootstrap-inputmask.min.js]
[thevectorlab.net/metrolab/form_component.html]
[thevectorlab.net/metrolab/js/form-component.js]
[thevectorlab.net/metrolab/assets/bootstrap-wizard/jquery.bootstrap.wizard.min.js]
[thevectorlab.net/metrolab/form_wizard.html]
[thevectorlab.net/metrolab/js/form-wizard.js]
[thevectorlab.net/metrolab/js/jquery.validate.min.js]
[thevectorlab.net/metrolab/js/additional-methods.min.js]
[thevectorlab.net/metrolab/form_validation.html]
[thevectorlab.net/metrolab/js/form-validation-script.js]
[thevectorlab.net/metrolab/assets/dropzone/css/dropzone.css]
[thevectorlab.net/metrolab/dropzone.html]
[thevectorlab.net/metrolab/basic_table.html]
[thevectorlab.net/metrolab/assets/dropzone/dropzone.js]
[thevectorlab.net/metrolab/assets/data-tables/DT_bootstrap.js]
[thevectorlab.net/metrolab/dynamic_table.html]
[thevectorlab.net/metrolab/js/dynamic-table.js]
[thevectorlab.net/metrolab/assets/data-tables/DT_bootstrap.css]
[thevectorlab.net/metrolab/editable_table.html]
[thevectorlab.net/metrolab/font_awesome.html]
[thevectorlab.net/metrolab/glyphicons.html]
[thevectorlab.net/metrolab/general_portlet.html]
[thevectorlab.net/metrolab/assets/data-tables/jquery.dataTables.js]
[thevectorlab.net/metrolab/js/editable-table.js]
[thevectorlab.net/metrolab/draggable_portlet.html]
[thevectorlab.net/metrolab/js/draggable-portlet.js]
[thevectorlab.net/metrolab/assets/jqvmap/jqvmap/jqvmap.css]
[ajax.googleapis.com/ajax/libs/jquery/1.7.2/jquery.min.js]
[thevectorlab.net/metrolab/assets/jqvmap/jqvmap/jquery.vmap.js]
[thevectorlab.net/metrolab/assets/jqvmap/jqvmap/maps/jquery.vmap.world.js]
[thevectorlab.net/metrolab/assets/jqvmap/jqvmap/maps/jquery.vmap.germany.js]
[thevectorlab.net/metrolab/assets/jqvmap/jqvmap/maps/jquery.vmap.russia.js]
[thevectorlab.net/metrolab/assets/jqvmap/jqvmap/maps/jquery.vmap.usa.js]
[thevectorlab.net/metrolab/assets/jqvmap/jqvmap/data/jquery.vmap.sampledata.js]
[thevectorlab.net/metrolab/assets/jqvmap/jqvmap/maps/jquery.vmap.europe.js]
[thevectorlab.net/metrolab/vector_map.html]
[thevectorlab.net/metrolab/js/vmaps-scripts.js]
[thevectorlab.net/metrolab/js/gmaps.js]
[thevectorlab.net/metrolab/google_map.html]
[thevectorlab.net/metrolab/blank.html]
[thevectorlab.net/metrolab/js/gmaps-scripts.js]
[thevectorlab.net/metrolab/blog_details.html]
[thevectorlab.net/metrolab/img/blog/blog1-big.jpg]
[thevectorlab.net/metrolab/img/blog/blog2-big.jpg]
[thevectorlab.net/metrolab/img/blog/blog3-big.jpg]
[thevectorlab.net/metrolab/img/blog/blog-thumb-3.jpg]
[thevectorlab.net/metrolab/blog.html]
[thevectorlab.net/metrolab/img/blog/blog-thumb-2.jpg]
[thevectorlab.net/metrolab/timeline.html]
[thevectorlab.net/metrolab/css/timeline-component.css]
[thevectorlab.net/metrolab/img/lock-thumb.jpg]
[thevectorlab.net/metrolab/profile_activities.html]
[thevectorlab.net/metrolab/profile_contact.html]
[thevectorlab.net/metrolab/edit_profile.html]
[thevectorlab.net/metrolab/profile.html]
[thevectorlab.net/metrolab/img/avatar3.jpg]
[thevectorlab.net/metrolab/img/about-us/img-1.jpg]
[thevectorlab.net/metrolab/img/about-us/img-2.jpg]
[thevectorlab.net/metrolab/img/about-us/img-3.jpg]
[thevectorlab.net/metrolab/about_us.html]
[thevectorlab.net/metrolab/contact_us.html]
[thevectorlab.net/metrolab/lock.html]
[thevectorlab.net/metrolab/img/about-us/img-4.jpg]
[thevectorlab.net/metrolab/create_invoice.html]
[thevectorlab.net/metrolab/invoice_list.html]
[thevectorlab.net/metrolab/invoice.html]
[thevectorlab.net/metrolab/pricing_tables.html]
[thevectorlab.net/metrolab/img/vector-lab.jpg]
[thevectorlab.net/metrolab/img/file-search/doc.png]
[thevectorlab.net/metrolab/img/file-search/ppt.png]
[thevectorlab.net/metrolab/img/file-search/xls.png]
[thevectorlab.net/metrolab/img/file-search/jpg.png]
[thevectorlab.net/metrolab/img/file-search/zip.png]
[thevectorlab.net/metrolab/img/file-search/pdf.png]
[thevectorlab.net/metrolab/img/file-search/ai.png]
[thevectorlab.net/metrolab/img/file-search/psd.png]
[thevectorlab.net/metrolab/img/file-search/rss.png]
[thevectorlab.net/metrolab/img/file-search/email.png]
[thevectorlab.net/metrolab/img/file-search/eps.png]
[thevectorlab.net/metrolab/img/product1.jpg]
[thevectorlab.net/metrolab/img/product2.png]
[thevectorlab.net/metrolab/img/product3.png]
[thevectorlab.net/metrolab/img/product4.png]
[thevectorlab.net/metrolab/search_result.html]
[thevectorlab.net/metrolab/faq.html]
[thevectorlab.net/metrolab/404.html]
[thevectorlab.net/metrolab/500.html]
[thevectorlab.net/metrolab/assets/bootstrap-tree/htmlexample.html]
[thevectorlab.net/metrolab/img/product5.png]
[thevectorlab.net/metrolab/blog_details.html]
[thevectorlab.net/metrolab/profile_activities.html]
[thevectorlab.net/metrolab/profile_contact.html]
[thevectorlab.net/metrolab/edit_profile.html]
[thevectorlab.net/metrolab/create_invoice.html]
[thevectorlab.net/metrolab/invoice_list.html]
[thevectorlab.net/metrolab/img/blog/blog-thumb-1.jpg]
[thevectorlab.net/metrolab/img/avatar1.jpg]
[thevectorlab.net/metrolab/img/avatar2.jpg]
[thevectorlab.net/metrolab/assets/bootstrap/img/glyphicons-halflings.png]
[thevectorlab.net/metrolab/assets/bootstrap/img/glyphicons-halflings-white.png]
[thevectorlab.net/metrolab/assets/bootstrap/css/bootstrap.min.css]
[thevectorlab.net/metrolab/assets/bootstrap/css/bootstrap-responsive.min.css]
[thevectorlab.net/metrolab/assets/bootstrap/css/bootstrap-fileupload.css]
[thevectorlab.net/metrolab/assets/font-awesome/css/font-awesome.css]
[thevectorlab.net/metrolab/img/overlay-icon.png]
[thevectorlab.net/metrolab/img/profile-contact.jpg]
[thevectorlab.net/metrolab/css/style.css]
[thevectorlab.net/metrolab/css/style-responsive.css]
[thevectorlab.net/metrolab/css/style-default.css]
[thevectorlab.net/metrolab/img/500bg.jpg]
[thevectorlab.net/metrolab/img/404bg.jpg]
[thevectorlab.net/metrolab/assets/fullcalendar/fullcalendar/bootstrap-fullcalendar.css]
[thevectorlab.net/metrolab/assets/jquery-easy-pie-chart/jquery.easy-pie-chart.css]
[thevectorlab.net/metrolab/login.html]
[thevectorlab.net/metrolab/assets/gritter/images/ie-spacer.gif]
[thevectorlab.net/metrolab/assets/gritter/css/jquery.gritter.css]
[thevectorlab.net/metrolab/assets/jquery-ui/images/animated-overlay.gif]
[thevectorlab.net/metrolab/assets/jquery-ui/jquery-ui-1.10.1.custom.min.css]
[thevectorlab.net/metrolab/assets/bootstrap-tree/bootstrap-tree/img/bstree-halflings.png]
[thevectorlab.net/metrolab/assets/bootstrap-tree/bootstrap-tree/css/bootstrap-tree.css]
[thevectorlab.net/metrolab/assets/bootstrap-tree/htmlexample.html]
[thevectorlab.net/metrolab/assets/nestable/jquery.nestable.css]
[thevectorlab.net/metrolab/assets/fancybox/source/fancybox_sprite.png]
[thevectorlab.net/metrolab/img/gallery/image1.jpg]
[thevectorlab.net/metrolab/img/gallery/image2.jpg]
[thevectorlab.net/metrolab/img/gallery/image3.jpg]
[thevectorlab.net/metrolab/assets/fancybox/source/fancybox_loading.gif]
[thevectorlab.net/metrolab/assets/fancybox/source/blank.gif]
[thevectorlab.net/metrolab/assets/fancybox/source/fancybox_overlay.png]
[thevectorlab.net/metrolab/assets/fancybox/source/jquery.fancybox.css]
[thevectorlab.net/metrolab/img/gallery/image4.jpg]
[thevectorlab.net/metrolab/assets/metr-folio/css/metro-gallery.css]
[thevectorlab.net/metrolab/img/gallery/icons/grid.html]
[thevectorlab.net/metrolab/img/gallery/icons/flexible.html]
[thevectorlab.net/metrolab/img/gallery/image5.jpg]
[thevectorlab.net/metrolab/img/gallery/image6.jpg]
[thevectorlab.net/metrolab/img/gallery/icons/light.html]
[thevectorlab.net/metrolab/img/gallery/image7.jpg]
[thevectorlab.net/metrolab/img/gallery/icons/nike.html]
[thevectorlab.net/metrolab/img/gallery/image10.jpg]
[thevectorlab.net/metrolab/img/gallery/icons/runner.html]
[thevectorlab.net/metrolab/img/gallery/icons/mobile.html]
[thevectorlab.net/metrolab/img/gallery/image15.jpg]
[thevectorlab.net/metrolab/img/gallery/icons/leaf.html]
[thevectorlab.net/metrolab/img/gallery/image17.jpg]
[thevectorlab.net/metrolab/assets/uniform/images/bg-input-focus.png]
[www.placehold.it/200x150/EFEFEF/AAAAAA&text=no+image.gif]
[thevectorlab.net/metrolab/assets/uniform/images/bg-input.png]
[thevectorlab.net/metrolab/assets/uniform/css/uniform.default.css]
[thevectorlab.net/metrolab/assets/chosen-bootstrap/chosen/chosen-sprite.png]
[thevectorlab.net/metrolab/assets/chosen-bootstrap/chosen/chosen.css]
[thevectorlab.net/metrolab/assets/jquery-tags-input/jquery.tagsinput.css]
[thevectorlab.net/metrolab/assets/clockface/css/clockface.css]
[thevectorlab.net/metrolab/assets/bootstrap-wysihtml5/bootstrap-wysihtml5.css]
[thevectorlab.net/metrolab/assets/bootstrap-datepicker/css/datepicker.css]
[thevectorlab.net/metrolab/assets/bootstrap-timepicker/compiled/timepicker.css]
[thevectorlab.net/metrolab/assets/bootstrap-colorpicker/css/colorpicker.css]
[thevectorlab.net/metrolab/assets/bootstrap-toggle-buttons/static/stylesheets/bootstrap-toggle-buttons.css]
[thevectorlab.net/metrolab/assets/bootstrap-daterangepicker/daterangepicker.css]
[code.jquery.com/ui/1.10.3/themes/smoothness/images/animated-overlay.gif]
[code.jquery.com/ui/1.10.3/themes/smoothness/jquery-ui.css]
[code.jquery.com/ui/1.10.3/jquery-ui.js]
[thevectorlab.net/metrolab/assets/dropzone/css/dropzone.css]
[thevectorlab.net/metrolab/assets/dropzone/images/spritemap.png]
[thevectorlab.net/metrolab/assets/data-tables/images/sort_both.f3.delayed]
[thevectorlab.net/metrolab/assets/data-tables/images/sort_asc.png]
[thevectorlab.net/metrolab/assets/data-tables/images/sort_desc.png]
[ajax.googleapis.com/ajax/libs/jquery/1.7.2/jquery.min.js]
[thevectorlab.net/metrolab/assets/data-tables/DT_bootstrap.css]
[thevectorlab.net/metrolab/assets/jqvmap/jqvmap/jqvmap.css]
[thevectorlab.net/metrolab/img/blog/blog1-big.jpg]
[thevectorlab.net/metrolab/img/blog/blog2-big.jpg]
[thevectorlab.net/metrolab/img/blog/blog3-big.jpg]
[thevectorlab.net/metrolab/blog_details.html]
[thevectorlab.net/metrolab/img/blog/blog-thumb-2.jpg]
[thevectorlab.net/metrolab/img/lock-thumb.jpg]
[thevectorlab.net/metrolab/css/timeline-component.css]
[thevectorlab.net/metrolab/img/avatar3.jpg]
[thevectorlab.net/metrolab/img/about-us/img-1.jpg]
[thevectorlab.net/metrolab/profile_activities.html]
[thevectorlab.net/metrolab/img/about-us/img-2.jpg]
[thevectorlab.net/metrolab/img/about-us/img-3.jpg]
[thevectorlab.net/metrolab/create_invoice.html]
[thevectorlab.net/metrolab/img/vector-lab.jpg]
[thevectorlab.net/metrolab/assets/font-awesome/font/fontawesome-webfont.svg]
[thevectorlab.net/metrolab/img/500bg.jpg]
[thevectorlab.net/metrolab/img/profile-contact.jpg]
[thevectorlab.net/metrolab/img/404bg.jpg]
[thevectorlab.net/metrolab/font/myriadprobold.svg]
[thevectorlab.net/metrolab/font/myriadproit.svg]
[thevectorlab.net/metrolab/font/myriadprolight.svg]
[thevectorlab.net/metrolab/font/myriadproregular.svg]
[thevectorlab.net/metrolab/assets/data-tables/images/sort_asc_disabled.html]
[thevectorlab.net/metrolab/assets/data-tables/images/sort_desc_disabled.html]
